7.07627719122708e-11 3.172545400350192e-05
9.699417009287923e-11 0.00011285981749876525
2.4466656822751957e-10 0.00020382233571074218
1.3363530592546137e-09 0.001027665970985214
1.8617607612062486e-08 0.0030599789937452767
1.1129339267444763e-06 0.006370276746068122
3.448815898319445e-06 0.015416952284331199
4.523313931126775e-06 0.032470731578169626
5.2859881815996215e-06 0.09620898874828644
9.323326343574418e-06 0.14709020853897256
3.338310118951534e-05 0.3030571743661183
6.84788896153434e-05 1.3274351751149625
8.803437316032331e-05 2.8582957567033427
6.529891531035336e-05 1.3802580932589261
4.315257964791986e-05 1.97632758291284
2.6951084907634417e-05 5.4959394463415485
1.4162989043789016e-05 0.9228945491165775
9.300255991216642e-06 0.45980092961453467
6.110904043703318e-06 0.2756803653246975
3.949798170587892e-06 0.41505413501779487
