1.0575949251738372e-08 3.172545400350192e-05
2.5597414621884245e-08 0.00011285981749876525
1.9279369562041185e-07 0.00020382233571074218
3.940525706645197e-07 0.001027665970985214
1.59483064159538e-06 0.0030599789937452767
3.296104478720121e-05 0.006370276746068122
0.0001279983796124049 0.015416952284331199
0.0002835461150969734 0.032470731578169626
0.0004694372667652523 0.09620898874828644
0.0008145527304796607 0.14709020853897256
0.002013948494503366 0.3030571743661183
0.004686377514699633 1.3274351751149625
0.007878170166624017 2.8582957567033427
0.007035427953337156 1.3802580932589261
0.004337477728140219 1.97632758291284
0.0031962368919154667 5.4959394463415485
0.0025273678911835683 0.9228945491165775
0.0015627660082502318 0.45980092961453467
0.0008685413701012617 0.2756803653246975
0.0004124297609337979 0.41505413501779487
