2.364178483643505e-10 3.172545400350192e-05
3.164209786788821e-10 0.00011285981749876525
8.794113806759103e-10 0.00020382233571074218
5.1941158153315624e-09 0.001027665970985214
5.646625097322792e-08 0.0030599789937452767
1.7616140727300505e-06 0.006370276746068122
7.1014054993529705e-06 0.015416952284331199
9.330612036984794e-06 0.032470731578169626
1.2185191379500156e-05 0.09620898874828644
2.028354987293305e-05 0.14709020853897256
7.301818618659928e-05 0.3030571743661183
0.0001595904135699418 1.3274351751149625
0.00020990800880236807 2.8582957567033427
0.00017395527278207888 1.3802580932589261
0.00013038189887457934 1.97632758291284
8.98910078326458e-05 5.4959394463415485
4.530852615906345e-05 0.9228945491165775
2.7044959134847656e-05 0.45980092961453467
1.5871465891915698e-05 0.2756803653246975
8.251872298453946e-06 0.41505413501779487
