9.481003316129102e-09 3.172545400350192e-05
1.6269909694985944e-08 0.00011285981749876525
1.1941797321785896e-07 0.00020382233571074218
2.3348282377053758e-07 0.001027665970985214
1.2015591624950356e-06 0.0030599789937452767
2.2915831516269813e-05 0.006370276746068122
9.614270283620318e-05 0.015416952284331199
0.00021524524996434466 0.032470731578169626
0.00036009967270560987 0.09620898874828644
0.0006182239803656893 0.14709020853897256
0.0016389503413748738 0.3030571743661183
0.0038617518876978714 1.3274351751149625
0.005958460843386141 2.8582957567033427
0.00525669657470298 1.3802580932589261
0.0031844256312347635 1.97632758291284
0.0023049954748586535 5.4959394463415485
0.0018150305060714643 0.9228945491165775
0.0011898822928521882 0.45980092961453467
0.0006783429855976249 0.2756803653246975
0.0003363642834407449 0.41505413501779487
