5.135686582565954e-09 3.172545400350192e-05
9.250567068878773e-09 0.00011285981749876525
1.0555220264271069e-07 0.00020382233571074218
1.7949532913549068e-07 0.001027665970985214
1.0193262507973696e-06 0.0030599789937452767
1.4672797123649891e-05 0.006370276746068122
6.304834824507032e-05 0.015416952284331199
0.00013540840767535748 0.032470731578169626
0.00018563384203489669 0.09620898874828644
0.00034562936004708413 0.14709020853897256
0.000990997988270777 0.3030571743661183
0.0024693856169151983 1.3274351751149625
0.003986324443803119 2.8582957567033427
0.0034872415803092038 1.3802580932589261
0.002153439721646459 1.97632758291284
0.0013196799712565106 5.4959394463415485
0.0008091280179353407 0.9228945491165775
0.0005358383733776224 0.45980092961453467
0.00029683097729887306 0.2756803653246975
0.00016268682662449004 0.41505413501779487
