4.977662441764521e-09 3.172545400350192e-05
7.485801752502414e-09 0.00011285981749876525
1.614374721176646e-08 0.00020382233571074218
4.990789330254731e-08 0.001027665970985214
7.490849845391122e-07 0.0030599789937452767
1.0131594233176068e-05 0.006370276746068122
3.672050420289877e-05 0.015416952284331199
6.523188987591848e-05 0.032470731578169626
8.422754121248597e-05 0.09620898874828644
0.00011721708766322961 0.14709020853897256
0.0003145142150417246 0.3030571743661183
0.0008118360847024658 1.3274351751149625
0.0011806250562659281 2.8582957567033427
0.001223527385295701 1.3802580932589261
0.0007163751391866148 1.97632758291284
0.0004910596298324614 5.4959394463415485
0.0002822452365640294 0.9228945491165775
0.00017879959982395466 0.45980092961453467
9.742869427661503e-05 0.2756803653246975
5.3731305219122245e-05 0.41505413501779487
